---
source: ui/server/tests/commands.rs
expression: first
---
{
  "items": [
    {
      "key": [
        {
          "kind": "int64",
          "text": "2"
        }
      ],
      "column": "price",
      "old": {
        "kind": "int64",
        "text": "14"
      },
      "new": {
        "kind": "int64",
        "text": "16"
      }
    },
    {
      "key": [
        {
          "kind": "int64",
          "text": "3"
        }
      ],
      "column": "price",
      "old": {
        "kind": "int64",
        "text": "20"
      },
      "new": {
        "kind": "int64",
        "text": "21"
      }
    }
  ],
  "total": 3,
  "page": 0,
  "page_size": 2
}
